Archive member included to satisfy reference by file (symbol)

F:/STM/STM32CubeIDE_1.15.0/STM32CubeIDE/plugins/com.st.stm32cube.ide.mcu.externaltools.gnu-tools-for-stm32.12.3.rel1.win32_1.0.100.202403111256/tools/bin/../lib/gcc/arm-none-eabi/12.3.1/../../../../arm-none-eabi/lib/thumb/v7-m/nofp\libc_nano.a(libc_a-exit.o)
                              F:/STM/STM32CubeIDE_1.15.0/STM32CubeIDE/plugins/com.st.stm32cube.ide.mcu.externaltools.gnu-tools-for-stm32.12.3.rel1.win32_1.0.100.202403111256/tools/bin/../lib/gcc/arm-none-eabi/12.3.1/../../../../arm-none-eabi/lib/thumb/v7-m/nofp/crt0.o (exit)
F:/STM/STM32CubeIDE_1.15.0/STM32CubeIDE/plugins/com.st.stm32cube.ide.mcu.externaltools.gnu-tools-for-stm32.12.3.rel1.win32_1.0.100.202403111256/tools/bin/../lib/gcc/arm-none-eabi/12.3.1/../../../../arm-none-eabi/lib/thumb/v7-m/nofp\libc_nano.a(libc_a-findfp.o)
                              F:/STM/STM32CubeIDE_1.15.0/STM32CubeIDE/plugins/com.st.stm32cube.ide.mcu.externaltools.gnu-tools-for-stm32.12.3.rel1.win32_1.0.100.202403111256/tools/bin/../lib/gcc/arm-none-eabi/12.3.1/../../../../arm-none-eabi/lib/thumb/v7-m/nofp\libc_nano.a(libc_a-exit.o) (__stdio_exit_handler)
F:/STM/STM32CubeIDE_1.15.0/STM32CubeIDE/plugins/com.st.stm32cube.ide.mcu.externaltools.gnu-tools-for-stm32.12.3.rel1.win32_1.0.100.202403111256/tools/bin/../lib/gcc/arm-none-eabi/12.3.1/../../../../arm-none-eabi/lib/thumb/v7-m/nofp\libc_nano.a(libc_a-fwalk.o)
                              F:/STM/STM32CubeIDE_1.15.0/STM32CubeIDE/plugins/com.st.stm32cube.ide.mcu.externaltools.gnu-tools-for-stm32.12.3.rel1.win32_1.0.100.202403111256/tools/bin/../lib/gcc/arm-none-eabi/12.3.1/../../../../arm-none-eabi/lib/thumb/v7-m/nofp\libc_nano.a(libc_a-findfp.o) (_fwalk_sglue)
F:/STM/STM32CubeIDE_1.15.0/STM32CubeIDE/plugins/com.st.stm32cube.ide.mcu.externaltools.gnu-tools-for-stm32.12.3.rel1.win32_1.0.100.202403111256/tools/bin/../lib/gcc/arm-none-eabi/12.3.1/../../../../arm-none-eabi/lib/thumb/v7-m/nofp\libc_nano.a(libc_a-stdio.o)
                              F:/STM/STM32CubeIDE_1.15.0/STM32CubeIDE/plugins/com.st.stm32cube.ide.mcu.externaltools.gnu-tools-for-stm32.12.3.rel1.win32_1.0.100.202403111256/tools/bin/../lib/gcc/arm-none-eabi/12.3.1/../../../../arm-none-eabi/lib/thumb/v7-m/nofp\libc_nano.a(libc_a-findfp.o) (__sread)
F:/STM/STM32CubeIDE_1.15.0/STM32CubeIDE/plugins/com.st.stm32cube.ide.mcu.externaltools.gnu-tools-for-stm32.12.3.rel1.win32_1.0.100.202403111256/tools/bin/../lib/gcc/arm-none-eabi/12.3.1/../../../../arm-none-eabi/lib/thumb/v7-m/nofp\libc_nano.a(libc_a-memset.o)
                              F:/STM/STM32CubeIDE_1.15.0/STM32CubeIDE/plugins/com.st.stm32cube.ide.mcu.externaltools.gnu-tools-for-stm32.12.3.rel1.win32_1.0.100.202403111256/tools/bin/../lib/gcc/arm-none-eabi/12.3.1/../../../../arm-none-eabi/lib/thumb/v7-m/nofp/crt0.o (memset)
F:/STM/STM32CubeIDE_1.15.0/STM32CubeIDE/plugins/com.st.stm32cube.ide.mcu.externaltools.gnu-tools-for-stm32.12.3.rel1.win32_1.0.100.202403111256/tools/bin/../lib/gcc/arm-none-eabi/12.3.1/../../../../arm-none-eabi/lib/thumb/v7-m/nofp\libc_nano.a(libc_a-closer.o)
                              F:/STM/STM32CubeIDE_1.15.0/STM32CubeIDE/plugins/com.st.stm32cube.ide.mcu.externaltools.gnu-tools-for-stm32.12.3.rel1.win32_1.0.100.202403111256/tools/bin/../lib/gcc/arm-none-eabi/12.3.1/../../../../arm-none-eabi/lib/thumb/v7-m/nofp\libc_nano.a(libc_a-stdio.o) (_close_r)
F:/STM/STM32CubeIDE_1.15.0/STM32CubeIDE/plugins/com.st.stm32cube.ide.mcu.externaltools.gnu-tools-for-stm32.12.3.rel1.win32_1.0.100.202403111256/tools/bin/../lib/gcc/arm-none-eabi/12.3.1/../../../../arm-none-eabi/lib/thumb/v7-m/nofp\libc_nano.a(libc_a-reent.o)
                              F:/STM/STM32CubeIDE_1.15.0/STM32CubeIDE/plugins/com.st.stm32cube.ide.mcu.externaltools.gnu-tools-for-stm32.12.3.rel1.win32_1.0.100.202403111256/tools/bin/../lib/gcc/arm-none-eabi/12.3.1/../../../../arm-none-eabi/lib/thumb/v7-m/nofp\libc_nano.a(libc_a-closer.o) (errno)
F:/STM/STM32CubeIDE_1.15.0/STM32CubeIDE/plugins/com.st.stm32cube.ide.mcu.externaltools.gnu-tools-for-stm32.12.3.rel1.win32_1.0.100.202403111256/tools/bin/../lib/gcc/arm-none-eabi/12.3.1/../../../../arm-none-eabi/lib/thumb/v7-m/nofp\libc_nano.a(libc_a-impure.o)
                              F:/STM/STM32CubeIDE_1.15.0/STM32CubeIDE/plugins/com.st.stm32cube.ide.mcu.externaltools.gnu-tools-for-stm32.12.3.rel1.win32_1.0.100.202403111256/tools/bin/../lib/gcc/arm-none-eabi/12.3.1/../../../../arm-none-eabi/lib/thumb/v7-m/nofp\libc_nano.a(libc_a-reent.o) (_impure_ptr)
F:/STM/STM32CubeIDE_1.15.0/STM32CubeIDE/plugins/com.st.stm32cube.ide.mcu.externaltools.gnu-tools-for-stm32.12.3.rel1.win32_1.0.100.202403111256/tools/bin/../lib/gcc/arm-none-eabi/12.3.1/../../../../arm-none-eabi/lib/thumb/v7-m/nofp\libc_nano.a(libc_a-lseekr.o)
[...]
Memory Configuration

Name             Origin             Length             Attributes
RAM              0x20000000         0x00005000         xrw
FLASH            0x08000000         0x00010000         xr
*default*        0x00000000         0xffffffff

Linker script and memory map

LOAD F:/STM/STM32CubeIDE_1.15.0/STM32CubeIDE/plugins/com.st.stm32cube.ide.mcu.externaltools.gnu-tools-for-stm32.12.3.rel1.win32_1.0.100.202403111256/tools/bin/../lib/gcc/arm-none-eabi/12.3.1/thumb/v7-m/nofp/crti.o
LOAD F:/STM/STM32CubeIDE_1.15.0/STM32CubeIDE/plugins/com.st.stm32cube.ide.mcu.externaltools.gnu-tools-for-stm32.12.3.rel1.win32_1.0.100.202403111256/tools/bin/../lib/gcc/arm-none-eabi/12.3.1/thumb/v7-m/nofp/crtbegin.o
LOAD F:/STM/STM32CubeIDE_1.15.0/STM32CubeIDE/plugins/com.st.stm32cube.ide.mcu.externaltools.gnu-tools-for-stm32.12.3.rel1.win32_1.0.100.202403111256/tools/bin/../lib/gcc/arm-none-eabi/12.3.1/../../../../arm-none-eabi/lib/thumb/v7-m/nofp/crt0.o
LOAD ./Core/Src/main.o
LOAD ./Core/Src/stm32f1xx_hal_msp.o
LOAD ./Core/Src/stm32f1xx_it.o
LOAD ./Core/Src/syscalls.o
LOAD ./Core/Src/sysmem.o
LOAD ./Core/Src/system_stm32f1xx.o
LOAD ./Core/Startup/startup_stm32f103c8tx.o
LOAD ./Drivers/STM32F1xx_HAL_Driver/Src/stm32f1xx_hal.o
LOAD ./Drivers/STM32F1xx_HAL_Driver/Src/stm32f1xx_hal_adc.o
LOAD ./Drivers/STM32F1xx_HAL_Driver/Src/stm32f1xx_hal_adc_ex.o
LOAD ./Drivers/STM32F1xx_HAL_Driver/Src/stm32f1xx_hal_cortex.o
LOAD ./Drivers/STM32F1xx_HAL_Driver/Src/stm32f1xx_hal_dma.o
LOAD ./Drivers/STM32F1xx_HAL_Driver/Src/stm32f1xx_hal_exti.o
LOAD ./Drivers/STM32F1xx_HAL_Driver/Src/stm32f1xx_hal_flash.o
LOAD ./Drivers/STM32F1xx_HAL_Driver/Src/stm32f1xx_hal_flash_ex.o
LOAD ./Drivers/STM32F1xx_HAL_Driver/Src/stm32f1xx_hal_gpio.o
LOAD ./Drivers/STM32F1xx_HAL_Driver/Src/stm32f1xx_hal_gpio_ex.o
LOAD ./Drivers/STM32F1xx_HAL_Driver/Src/stm32f1xx_hal_pwr.o
LOAD ./Drivers/STM32F1xx_HAL_Driver/Src/stm32f1xx_hal_rcc.o
LOAD ./Drivers/STM32F1xx_HAL_Driver/Src/stm32f1xx_hal_rcc_ex.o
LOAD ./Drivers/STM32F1xx_HAL_Driver/Src/stm32f1xx_hal_tim.o
LOAD ./Drivers/STM32F1xx_HAL_Driver/Src/stm32f1xx_hal_tim_ex.o
LOAD ./cpp/src/main.o
START GROUP
LOAD F:/STM/STM32CubeIDE_1.15.0/STM32CubeIDE/plugins/com.st.stm32cube.ide.mcu.externaltools.gnu-tools-for-stm32.12.3.rel1.win32_1.0.100.202403111256/tools/bin/../lib/gcc/arm-none-eabi/12.3.1/../../../../arm-none-eabi/lib/thumb/v7-m/nofp\libstdc++_nano.a
LOAD F:/STM/STM32CubeIDE_1.15.0/STM32CubeIDE/plugins/com.st.stm32cube.ide.mcu.externaltools.gnu-tools-for-stm32.12.3.rel1.win32_1.0.100.202403111256/tools/bin/../lib/gcc/arm-none-eabi/12.3.1/../../../../arm-none-eabi/lib/thumb/v7-m/nofp\libsupc++_nano.a
END GROUP
LOAD F:/STM/STM32CubeIDE_1.15.0/STM32CubeIDE/plugins/com.st.stm32cube.ide.mcu.externaltools.gnu-tools-for-stm32.12.3.rel1.win32_1.0.100.202403111256/tools/bin/../lib/gcc/arm-none-eabi/12.3.1/../../../../arm-none-eabi/lib/thumb/v7-m/nofp\libstdc++_nano.a
LOAD F:/STM/STM32CubeIDE_1.15.0/STM32CubeIDE/plugins/com.st.stm32cube.ide.mcu.externaltools.gnu-tools-for-stm32.12.3.rel1.win32_1.0.100.202403111256/tools/bin/../lib/gcc/arm-none-eabi/12.3.1/../../../../arm-none-eabi/lib/thumb/v7-m/nofp\libm.a
LOAD F:/STM/STM32CubeIDE_1.15.0/STM32CubeIDE/plugins/com.st.stm32cube.ide.mcu.externaltools.gnu-tools-for-stm32.12.3.rel1.win32_1.0.100.202403111256/tools/bin/../lib/gcc/arm-none-eabi/12.3.1/../../../../arm-none-eabi/lib/thumb/v7-m/nofp\libc_nano.a
START GROUP
LOAD F:/STM/STM32CubeIDE_1.15.0/STM32CubeIDE/plugins/com.st.stm32cube.ide.mcu.externaltools.gnu-tools-for-stm32.12.3.rel1.win32_1.0.100.202403111256/tools/bin/../lib/gcc/arm-none-eabi/12.3.1/thumb/v7-m/nofp\libgcc.a
LOAD F:/STM/STM32CubeIDE_1.15.0/STM32CubeIDE/plugins/com.st.stm32cube.ide.mcu.externaltools.gnu-tools-for-stm32.12.3.rel1.win32_1.0.100.202403111256/tools/bin/../lib/gcc/arm-none-eabi/12.3.1/../../../../arm-none-eabi/lib/thumb/v7-m/nofp\libc_nano.a
END GROUP
START GROUP
LOAD F:/STM/STM32CubeIDE_1.15.0/STM32CubeIDE/plugins/com.st.stm32cube.ide.mcu.externaltools.gnu-tools-for-stm32.12.3.rel1.win32_1.0.100.202403111256/tools/bin/../lib/gcc/arm-none-eabi/12.3.1/thumb/v7-m/nofp\libgcc.a
LOAD F:/STM/STM32CubeIDE_1.15.0/STM32CubeIDE/plugins/com.st.stm32cube.ide.mcu.externaltools.gnu-tools-for-stm32.12.3.rel1.win32_1.0.100.202403111256/tools/bin/../lib/gcc/arm-none-eabi/12.3.1/../../../../arm-none-eabi/lib/thumb/v7-m/nofp\libc_nano.a
END GROUP
LOAD F:/STM/STM32CubeIDE_1.15.0/STM32CubeIDE/plugins/com.st.stm32cube.ide.mcu.externaltools.gnu-tools-for-stm32.12.3.rel1.win32_1.0.100.202403111256/tools/bin/../lib/gcc/arm-none-eabi/12.3.1/thumb/v7-m/nofp/crtend.o
LOAD F:/STM/STM32CubeIDE_1.15.0/STM32CubeIDE/plugins/com.st.stm32cube.ide.mcu.externaltools.gnu-tools-for-stm32.12.3.rel1.win32_1.0.100.202403111256/tools/bin/../lib/gcc/arm-none-eabi/12.3.1/thumb/v7-m/nofp/crtn.o
                0x20005000                        _estack = (ORIGIN (RAM) + LENGTH (RAM))
                0x00000200                        _Min_Heap_Size = 0x200
                0x00000400                        _Min_Stack_Size = 0x400

.isr_vector     0x08000000      0x10c
                0x08000000                        . = ALIGN (0x4)
 *(.isr_vector)
 .isr_vector    0x08000000      0x10c ./Core/Startup/startup_stm32f103c8tx.o
                0x08000000                g_pfnVectors
                0x0800010c                        . = ALIGN (0x4)

.text           0x0800010c     0x4520
                0x0800010c                        . = ALIGN (0x4)
 *(.text)
 .text          0x0800010c       0x40 F:/STM/STM32CubeIDE_1.15.0/STM32CubeIDE/plugins/com.st.stm32cube.ide.mcu.externaltools.gnu-tools-for-stm32.12.3.rel1.win32_1.0.100.202403111256/tools/bin/../lib/gcc/arm-none-eabi/12.3.1/thumb/v7-m/nofp/crtbegin.o
 *(.text*)
 .text.main     0x0800014c       0x30 ./Core/Src/main.o
                0x0800014c                main
 .text.SystemClock_Config
                0x0800017c       0xb6 ./Core/Src/main.o
                0x0800017c                SystemClock_Config
 *fill*         0x08000232        0x2 
 .text.MX_ADC1_Init
                0x08000234       0x7c ./Core/Src/main.o
 .text.MX_TIM1_Init
                0x080002b0       0xa0 ./Core/Src/main.o
 .text.MX_TIM2_Init
                0x08000350       0xb0 ./Core/Src/main.o
 .text.MX_TIM3_Init
                0x08000400       0xc8 ./Core/Src/main.o
 .text.MX_TIM4_Init
                0x080004c8       0xb0 ./Core/Src/main.o
 .text.MX_DMA_Init
                0x08000578       0x3c ./Core/Src/main.o
 .text.MX_GPIO_Init
                0x080005b4      0x14c ./Core/Src/main.o
 .text.Error_Handler
                0x08000700        0xc ./Core/Src/main.o
                0x08000700                Error_Handler
 .text.HAL_MspInit
                0x0800070c       0x64 ./Core/Src/stm32f1xx_hal_msp.o
                0x0800070c                HAL_MspInit
 .text.HAL_ADC_MspInit
                0x08000770       0xd4 ./Core/Src/stm32f1xx_hal_msp.o
                0x08000770                HAL_ADC_MspInit
 .text.HAL_TIM_Base_MspInit
                0x08000844       0x3c ./Core/Src/stm32f1xx_hal_msp.o
                0x08000844                HAL_TIM_Base_MspInit
 .text.HAL_TIM_PWM_MspInit
                0x08000880      0x178 ./Core/Src/stm32f1xx_hal_msp.o
                0x08000880                HAL_TIM_PWM_MspInit
 .text.HAL_TIM_OC_MspInit
                0x080009f8       0x4c ./Core/Src/stm32f1xx_hal_msp.o
                0x080009f8                HAL_TIM_OC_MspInit
 .text.HAL_TIM_MspPostInit
                0x08000a44       0xa4 ./Core/Src/stm32f1xx_hal_msp.o
                0x08000a44                HAL_TIM_MspPostInit
 .text.NMI_Handler
                0x08000ae8        0x8 ./Core/Src/stm32f1xx_it.o
                0x08000ae8                NMI_Handler
 .text.HardFault_Handler
                0x08000af0        0x8 ./Core/Src/stm32f1xx_it.o
                0x08000af0                HardFault_Handler
 .text.MemManage_Handler
                0x08000af8        0x8 ./Core/Src/stm32f1xx_it.o
                0x08000af8                MemManage_Handler
 .text.BusFault_Handler
                0x08000b00        0x8 ./Core/Src/stm32f1xx_it.o
                0x08000b00                BusFault_Handler
 .text.UsageFault_Handler
                0x08000b08        0x8 ./Core/Src/stm32f1xx_it.o
                0x08000b08                UsageFault_Handler
 .text.SVC_Handler
                0x08000b10        0xc ./Core/Src/stm32f1xx_it.o
                0x08000b10                SVC_Handler
 .text.DebugMon_Handler
                0x08000b1c        0xc ./Core/Src/stm32f1xx_it.o
                0x08000b1c                DebugMon_Handler
 .text.PendSV_Handler
                0x08000b28        0xc ./Core/Src/stm32f1xx_it.o
                0x08000b28                PendSV_Handler
 .text.SysTick_Handler
                0x08000b34        0xc ./Core/Src/stm32f1xx_it.o
                0x08000b34                SysTick_Handler
 .text.DMA1_Channel1_IRQHandler
                0x08000b40       0x14 ./Core/Src/stm32f1xx_it.o
                0x08000b40                DMA1_Channel1_IRQHandler
 .text.EXTI9_5_IRQHandler
                0x08000b54       0x10 ./Core/Src/stm32f1xx_it.o
                0x08000b54                EXTI9_5_IRQHandler
 .text.TIM4_IRQHandler
                0x08000b64       0x14 ./Core/Src/stm32f1xx_it.o
                0x08000b64                TIM4_IRQHandler
 .text.EXTI15_10_IRQHandler
                0x08000b78       0x18 ./Core/Src/stm32f1xx_it.o
                0x08000b78                EXTI15_10_IRQHandler
 .text.SystemInit
                0x08000b90        0xc ./Core/Src/system_stm32f1xx.o
                0x08000b90                SystemInit
 .text.Reset_Handler
                0x08000b9c       0x48 ./Core/Startup/startup_stm32f103c8tx.o
                0x08000b9c                Reset_Handler
 .text.Default_Handler
                0x08000be4        0x2 ./Core/Startup/startup_stm32f103c8tx.o
                0x08000be4                RTC_Alarm_IRQHandler
                0x08000be4                EXTI2_IRQHandler
                0x08000be4                TIM1_CC_IRQHandler
                0x08000be4                PVD_IRQHandler
                0x08000be4                EXTI3_IRQHandler
                0x08000be4                EXTI0_IRQHandler
                0x08000be4                I2C2_EV_IRQHandler
                0x08000be4                ADC1_2_IRQHandler
                0x08000be4                SPI1_IRQHandler
                0x08000be4                TAMPER_IRQHandler
                0x08000be4                DMA1_Channel4_IRQHandler
                0x08000be4                USART3_IRQHandler
                0x08000be4                RTC_IRQHandler
                0x08000be4                DMA1_Channel7_IRQHandler
                0x08000be4                CAN1_RX1_IRQHandler
                0x08000be4                I2C1_EV_IRQHandler
                0x08000be4                DMA1_Channel6_IRQHandler
                0x08000be4                TIM3_IRQHandler
                0x08000be4                RCC_IRQHandler
                0x08000be4                TIM1_TRG_COM_IRQHandler
                0x08000be4                Default_Handler
                0x08000be4                SPI2_IRQHandler
                0x08000be4                DMA1_Channel5_IRQHandler
                0x08000be4                EXTI4_IRQHandler
                0x08000be4                USB_LP_CAN1_RX0_IRQHandler
                0x08000be4                USB_HP_CAN1_TX_IRQHandler
                0x08000be4                DMA1_Channel3_IRQHandler
                0x08000be4                TIM1_UP_IRQHandler
                0x08000be4                WWDG_IRQHandler
                0x08000be4                TIM2_IRQHandler
                0x08000be4                TIM1_BRK_IRQHandler
                0x08000be4                EXTI1_IRQHandler
                0x08000be4                USART2_IRQHandler
                0x08000be4                I2C2_ER_IRQHandler
                0x08000be4                DMA1_Channel2_IRQHandler
                0x08000be4                CAN1_SCE_IRQHandler
                0x08000be4                FLASH_IRQHandler
                0x08000be4                USART1_IRQHandler
                0x08000be4                I2C1_ER_IRQHandler
                0x08000be4                USBWakeUp_IRQHandler
 *fill*         0x08000be6        0x2 
 .text.HAL_Init
                0x08000be8       0x2c ./Drivers/STM32F1xx_HAL_Driver/Src/stm32f1xx_hal.o
                0x08000be8                HAL_Init
 .text.HAL_InitTick
                0x08000c14       0x60 ./Drivers/STM32F1xx_HAL_Driver/Src/stm32f1xx_hal.o
                0x08000c14                HAL_InitTick
 .text.HAL_IncTick
                0x08000c74       0x24 ./Drivers/STM32F1xx_HAL_Driver/Src/stm32f1xx_hal.o
                0x08000c74                HAL_IncTick
 .text.HAL_GetTick
                0x08000c98       0x14 ./Drivers/STM32F1xx_HAL_Driver/Src/stm32f1xx_hal.o
                0x08000c98                HAL_GetTick
 .text.HAL_Delay
                0x08000cac       0x48 ./Drivers/STM32F1xx_HAL_Driver/Src/stm32f1xx_hal.o
                0x08000cac                HAL_Delay
 .text.HAL_ADC_Init
                0x08000cf4      0x1b0 ./Drivers/STM32F1xx_HAL_Driver/Src/stm32f1xx_hal_adc.o
                0x08000cf4                HAL_ADC_Init
 .text.HAL_ADC_Start_DMA
                0x08000ea4      0x1bc ./Drivers/STM32F1xx_HAL_Driver/Src/stm32f1xx_hal_adc.o
                0x08000ea4                HAL_ADC_Start_DMA
 .text.HAL_ADC_ConvHalfCpltCallback
                0x08001060       0x12 ./Drivers/STM32F1xx_HAL_Driver/Src/stm32f1xx_hal_adc.o
                0x08001060                HAL_ADC_ConvHalfCpltCallback
 .text.HAL_ADC_ErrorCallback
                0x08001072       0x12 ./Drivers/STM32F1xx_HAL_Driver/Src/stm32f1xx_hal_adc.o
                0x08001072                HAL_ADC_ErrorCallback
 .text.HAL_ADC_ConfigChannel
                0x08001084      0x1f0 ./Drivers/STM32F1xx_HAL_Driver/Src/stm32f1xx_hal_adc.o
                0x08001084                HAL_ADC_ConfigChannel
 .text.ADC_Enable
                0x08001274       0xb4 ./Drivers/STM32F1xx_HAL_Driver/Src/stm32f1xx_hal_adc.o
                0x08001274                ADC_Enable
 .text.ADC_ConversionStop_Disable
                0x08001328       0x82 ./Drivers/STM32F1xx_HAL_Driver/Src/stm32f1xx_hal_adc.o
                0x08001328                ADC_ConversionStop_Disable
 .text.ADC_DMAConvCplt
                0x080013aa       0x7c ./Drivers/STM32F1xx_HAL_Driver/Src/stm32f1xx_hal_adc.o
                0x080013aa                ADC_DMAConvCplt
 .text.ADC_DMAHalfConvCplt
                0x08001426       0x1c ./Drivers/STM32F1xx_HAL_Driver/Src/stm32f1xx_hal_adc.o
                0x08001426                ADC_DMAHalfConvCplt
 .text.ADC_DMAError
                0x08001442       0x34 ./Drivers/STM32F1xx_HAL_Driver/Src/stm32f1xx_hal_adc.o
                0x08001442                ADC_DMAError
 *fill*         0x08001476        0x2 
 .text.__NVIC_SetPriorityGrouping
                0x08001478       0x48 ./Drivers/STM32F1xx_HAL_Driver/Src/stm32f1xx_hal_cortex.o
 .text.__NVIC_GetPriorityGrouping
                0x080014c0       0x1c ./Drivers/STM32F1xx_HAL_Driver/Src/stm32f1xx_hal_cortex.o
 .text.__NVIC_EnableIRQ
                0x080014dc       0x38 ./Drivers/STM32F1xx_HAL_Driver/Src/stm32f1xx_hal_cortex.o
 .text.__NVIC_SetPriority
                0x08001514       0x54 ./Drivers/STM32F1xx_HAL_Driver/Src/stm32f1xx_hal_cortex.o
 .text.NVIC_EncodePriority
                0x08001568       0x64 ./Drivers/STM32F1xx_HAL_Driver/Src/stm32f1xx_hal_cortex.o
 .text.SysTick_Config
                0x080015cc       0x44 ./Drivers/STM32F1xx_HAL_Driver/Src/stm32f1xx_hal_cortex.o
 .text.HAL_NVIC_SetPriorityGrouping
                0x08001610       0x16 ./Drivers/STM32F1xx_HAL_Driver/Src/stm32f1xx_hal_cortex.o
                0x08001610                HAL_NVIC_SetPriorityGrouping
 .text.HAL_NVIC_SetPriority
                0x08001626       0x38 ./Drivers/STM32F1xx_HAL_Driver/Src/stm32f1xx_hal_cortex.o
                0x08001626                HAL_NVIC_SetPriority
 .text.HAL_NVIC_EnableIRQ
                0x0800165e       0x1c ./Drivers/STM32F1xx_HAL_Driver/Src/stm32f1xx_hal_cortex.o
                0x0800165e                HAL_NVIC_EnableIRQ
 .text.HAL_SYSTICK_Config
                0x0800167a       0x18 ./Drivers/STM32F1xx_HAL_Driver/Src/stm32f1xx_hal_cortex.o
                0x0800167a                HAL_SYSTICK_Config
 *fill*         0x08001692        0x2 
 .text.HAL_DMA_Init
                0x08001694       0xb4 ./Drivers/STM32F1xx_HAL_Driver/Src/stm32f1xx_hal_dma.o
                0x08001694                HAL_DMA_Init
 .text.HAL_DMA_Start_IT
                0x08001748       0xc0 ./Drivers/STM32F1xx_HAL_Driver/Src/stm32f1xx_hal_dma.o
                0x08001748                HAL_DMA_Start_IT
 .text.HAL_DMA_Abort_IT
                0x08001808       0xf0 ./Drivers/STM32F1xx_HAL_Driver/Src/stm32f1xx_hal_dma.o
                0x08001808                HAL_DMA_Abort_IT
 .text.HAL_DMA_IRQHandler
                0x080018f8      0x20c ./Drivers/STM32F1xx_HAL_Driver/Src/stm32f1xx_hal_dma.o
                0x080018f8                HAL_DMA_IRQHandler
 .text.DMA_SetConfig
                0x08001b04       0x5a ./Drivers/STM32F1xx_HAL_Driver/Src/stm32f1xx_hal_dma.o
 *fill*         0x08001b5e        0x2 
 .text.HAL_GPIO_Init
                0x08001b60      0x308 ./Drivers/STM32F1xx_HAL_Driver/Src/stm32f1xx_hal_gpio.o
                0x08001b60                HAL_GPIO_Init
 .text.HAL_GPIO_WritePin
                0x08001e68       0x30 ./Drivers/STM32F1xx_HAL_Driver/Src/stm32f1xx_hal_gpio.o
                0x08001e68                HAL_GPIO_WritePin
 .text.HAL_GPIO_EXTI_IRQHandler
                0x08001e98       0x30 ./Drivers/STM32F1xx_HAL_Driver/Src/stm32f1xx_hal_gpio.o
                0x08001e98                HAL_GPIO_EXTI_IRQHandler
 .text.HAL_RCC_OscConfig
                0x08001ec8      0x504 ./Drivers/STM32F1xx_HAL_Driver/Src/stm32f1xx_hal_rcc.o
                0x08001ec8                HAL_RCC_OscConfig
 .text.HAL_RCC_ClockConfig
                0x080023cc      0x1d4 ./Drivers/STM32F1xx_HAL_Driver/Src/stm32f1xx_hal_rcc.o
                0x080023cc                HAL_RCC_ClockConfig
 .text.HAL_RCC_GetSysClockFreq
                0x080025a0       0xa8 ./Drivers/STM32F1xx_HAL_Driver/Src/stm32f1xx_hal_rcc.o
                0x080025a0                HAL_RCC_GetSysClockFreq
 .text.RCC_Delay
                0x08002648       0x3c ./Drivers/STM32F1xx_HAL_Driver/Src/stm32f1xx_hal_rcc.o
 .text.HAL_RCCEx_PeriphCLKConfig
                0x08002684      0x16c ./Drivers/STM32F1xx_HAL_Driver/Src/stm32f1xx_hal_rcc_ex.o
                0x08002684                HAL_RCCEx_PeriphCLKConfig
 .text.HAL_TIM_Base_Init
                0x080027f0       0x9e ./Drivers/STM32F1xx_HAL_Driver/Src/stm32f1xx_hal_tim.o
                0x080027f0                HAL_TIM_Base_Init
 *fill*         0x0800288e        0x2 
 .text.HAL_TIM_Base_Start
                0x08002890       0x94 ./Drivers/STM32F1xx_HAL_Driver/Src/stm32f1xx_hal_tim.o
                0x08002890                HAL_TIM_Base_Start
 .text.HAL_TIM_OC_Init
                0x08002924       0x9e ./Drivers/STM32F1xx_HAL_Driver/Src/stm32f1xx_hal_tim.o
                0x08002924                HAL_TIM_OC_Init
 *fill*         0x080029c2        0x2 
 .text.HAL_TIM_OC_Start_IT
                0x080029c4      0x1e0 ./Drivers/STM32F1xx_HAL_Driver/Src/stm32f1xx_hal_tim.o
                0x080029c4                HAL_TIM_OC_Start_IT
 .text.HAL_TIM_PWM_Init
                0x08002ba4       0x9e ./Drivers/STM32F1xx_HAL_Driver/Src/stm32f1xx_hal_tim.o
                0x08002ba4                HAL_TIM_PWM_Init
 *fill*         0x08002c42        0x2 
 .text.HAL_TIM_PWM_Start
                0x08002c44      0x144 ./Drivers/STM32F1xx_HAL_Driver/Src/stm32f1xx_hal_tim.o
                0x08002c44                HAL_TIM_PWM_Start
 .text.HAL_TIM_PWM_Start_DMA
                0x08002d88      0x344 ./Drivers/STM32F1xx_HAL_Driver/Src/stm32f1xx_hal_tim.o
                0x08002d88                HAL_TIM_PWM_Start_DMA
 .text.HAL_TIM_PWM_Stop_DMA
                0x080030cc      0x18c ./Drivers/STM32F1xx_HAL_Driver/Src/stm32f1xx_hal_tim.o
                0x080030cc                HAL_TIM_PWM_Stop_DMA
 .text.HAL_TIM_IRQHandler
                0x08003258      0x210 ./Drivers/STM32F1xx_HAL_Driver/Src/stm32f1xx_hal_tim.o
                0x08003258                HAL_TIM_IRQHandler
 .text.HAL_TIM_OC_ConfigChannel
                0x08003468       0xb8 ./Drivers/STM32F1xx_HAL_Driver/Src/stm32f1xx_hal_tim.o
                0x08003468                HAL_TIM_OC_ConfigChannel
 .text.HAL_TIM_PWM_ConfigChannel
                0x08003520      0x184 ./Drivers/STM32F1xx_HAL_Driver/Src/stm32f1xx_hal_tim.o
                0x08003520                HAL_TIM_PWM_ConfigChannel
 .text.HAL_TIM_ConfigClockSource
                0x080036a4      0x18e ./Drivers/STM32F1xx_HAL_Driver/Src/stm32f1xx_hal_tim.o
                0x080036a4                HAL_TIM_ConfigClockSource
 .text.HAL_TIM_PeriodElapsedCallback
                0x08003832       0x12 ./Drivers/STM32F1xx_HAL_Driver/Src/stm32f1xx_hal_tim.o
                0x08003832                HAL_TIM_PeriodElapsedCallback
 .text.HAL_TIM_IC_CaptureCallback
                0x08003844       0x12 ./Drivers/STM32F1xx_HAL_Driver/Src/stm32f1xx_hal_tim.o
                0x08003844                HAL_TIM_IC_CaptureCallback
 .text.HAL_TIM_PWM_PulseFinishedCallback
                0x08003856       0x12 ./Drivers/STM32F1xx_HAL_Driver/Src/stm32f1xx_hal_tim.o
                0x08003856                HAL_TIM_PWM_PulseFinishedCallback
 .text.HAL_TIM_PWM_PulseFinishedHalfCpltCallback
                0x08003868       0x12 ./Drivers/STM32F1xx_HAL_Driver/Src/stm32f1xx_hal_tim.o
                0x08003868                HAL_TIM_PWM_PulseFinishedHalfCpltCallback
 .text.HAL_TIM_TriggerCallback
                0x0800387a       0x12 ./Drivers/STM32F1xx_HAL_Driver/Src/stm32f1xx_hal_tim.o
                0x0800387a                HAL_TIM_TriggerCallback
 .text.HAL_TIM_ErrorCallback
                0x0800388c       0x12 ./Drivers/STM32F1xx_HAL_Driver/Src/stm32f1xx_hal_tim.o
                0x0800388c                HAL_TIM_ErrorCallback
 .text.TIM_DMAError
                0x0800389e       0x92 ./Drivers/STM32F1xx_HAL_Driver/Src/stm32f1xx_hal_tim.o
                0x0800389e                TIM_DMAError
 .text.TIM_DMADelayPulseCplt
                0x08003930       0xa8 ./Drivers/STM32F1xx_HAL_Driver/Src/stm32f1xx_hal_tim.o
 .text.TIM_DMADelayPulseHalfCplt
                0x080039d8       0x68 ./Drivers/STM32F1xx_HAL_Driver/Src/stm32f1xx_hal_tim.o
                0x080039d8                TIM_DMADelayPulseHalfCplt
 .text.TIM_Base_SetConfig
                0x08003a40       0xc4 ./Drivers/STM32F1xx_HAL_Driver/Src/stm32f1xx_hal_tim.o
                0x08003a40                TIM_Base_SetConfig
 .text.TIM_OC1_SetConfig
                0x08003b04       0xcc ./Drivers/STM32F1xx_HAL_Driver/Src/stm32f1xx_hal_tim.o
 .text.TIM_OC2_SetConfig
                0x08003bd0       0xd4 ./Drivers/STM32F1xx_HAL_Driver/Src/stm32f1xx_hal_tim.o
                0x08003bd0                TIM_OC2_SetConfig
 .text.TIM_OC3_SetConfig
                0x08003ca4       0xd4 ./Drivers/STM32F1xx_HAL_Driver/Src/stm32f1xx_hal_tim.o
 .text.TIM_OC4_SetConfig
                0x08003d78       0x9c ./Drivers/STM32F1xx_HAL_Driver/Src/stm32f1xx_hal_tim.o
 .text.TIM_TI1_ConfigInputStage
                0x08003e14       0x5c ./Drivers/STM32F1xx_HAL_Driver/Src/stm32f1xx_hal_tim.o
 .text.TIM_TI2_ConfigInputStage
                0x08003e70       0x5e ./Drivers/STM32F1xx_HAL_Driver/Src/stm32f1xx_hal_tim.o
 .text.TIM_ITRx_SetConfig
                0x08003ece       0x34 ./Drivers/STM32F1xx_HAL_Driver/Src/stm32f1xx_hal_tim.o
 .text.TIM_ETR_SetConfig
                0x08003f02       0x3e ./Drivers/STM32F1xx_HAL_Driver/Src/stm32f1xx_hal_tim.o
                0x08003f02                TIM_ETR_SetConfig
 .text.TIM_CCxChannelCmd
                0x08003f40       0x48 ./Drivers/STM32F1xx_HAL_Driver/Src/stm32f1xx_hal_tim.o
                0x08003f40                TIM_CCxChannelCmd
 .text.HAL_TIMEx_MasterConfigSynchronization
                0x08003f88       0xbc ./Drivers/STM32F1xx_HAL_Driver/Src/stm32f1xx_hal_tim_ex.o
                0x08003f88                HAL_TIMEx_MasterConfigSynchronization
 .text.HAL_TIMEx_CommutCallback
                0x08004044       0x12 ./Drivers/STM32F1xx_HAL_Driver/Src/stm32f1xx_hal_tim_ex.o
                0x08004044                HAL_TIMEx_CommutCallback
 .text.HAL_TIMEx_BreakCallback
                0x08004056       0x12 ./Drivers/STM32F1xx_HAL_Driver/Src/stm32f1xx_hal_tim_ex.o
                0x08004056                HAL_TIMEx_BreakCallback
 .text._Z12setDutyCyclet
                0x08004068       0x40 ./cpp/src/main.o
                0x08004068                setDutyCycle(unsigned short)
 .text._Z9commucatev
                0x080040a8      0x250 ./cpp/src/main.o
                0x080040a8                commucate()
 .text.HAL_GPIO_EXTI_Callback
                0x080042f8       0xa4 ./cpp/src/main.o
                0x080042f8                HAL_GPIO_EXTI_Callback
 .text.HAL_TIM_OC_DelayElapsedCallback
                0x0800439c       0x34 ./cpp/src/main.o
                0x0800439c                HAL_TIM_OC_DelayElapsedCallback
 .text._Z16processDmaSignalv
                0x080043d0       0x28 ./cpp/src/main.o
                0x080043d0                processDmaSignal()
 .text.HAL_ADC_ConvCpltCallback
                0x080043f8       0x1c ./cpp/src/main.o
                0x080043f8                HAL_ADC_ConvCpltCallback
 .text._Z5setupv
                0x08004414      0x130 ./cpp/src/main.o
                0x08004414                setup()
 .text.maincpp  0x08004544       0x78 ./cpp/src/main.o
                0x08004544                maincpp
 .text.memset   0x080045bc       0x10 F:/STM/STM32CubeIDE_1.15.0/STM32CubeIDE/plugins/com.st.stm32cube.ide.mcu.externaltools.gnu-tools-for-stm32.12.3.rel1.win32_1.0.100.202403111256/tools/bin/../lib/gcc/arm-none-eabi/12.3.1/../../../../arm-none-eabi/lib/thumb/v7-m/nofp\libc_nano.a(libc_a-memset.o)
                0x080045bc                memset
 .text.__libc_init_array
                0x080045cc       0x48 F:/STM/STM32CubeIDE_1.15.0/STM32CubeIDE/plugins/com.st.stm32cube.ide.mcu.externaltools.gnu-tools-for-stm32.12.3.rel1.win32_1.0.100.202403111256/tools/bin/../lib/gcc/arm-none-eabi/12.3.1/../../../../arm-none-eabi/lib/thumb/v7-m/nofp\libc_nano.a(libc_a-init.o)
                0x080045cc                __libc_init_array
 *(.glue_7)
 .glue_7        0x08004614        0x0 linker stubs
 *(.glue_7t)
 .glue_7t       0x08004614        0x0 linker stubs
 *(.eh_frame)
 .eh_frame      0x08004614        0x0 F:/STM/STM32CubeIDE_1.15.0/STM32CubeIDE/plugins/com.st.stm32cube.ide.mcu.externaltools.gnu-tools-for-stm32.12.3.rel1.win32_1.0.100.202403111256/tools/bin/../lib/gcc/arm-none-eabi/12.3.1/thumb/v7-m/nofp/crtbegin.o
 *(.init)
 .init          0x08004614        0x4 F:/STM/STM32CubeIDE_1.15.0/STM32CubeIDE/plugins/com.st.stm32cube.ide.mcu.externaltools.gnu-tools-for-stm32.12.3.rel1.win32_1.0.100.202403111256/tools/bin/../lib/gcc/arm-none-eabi/12.3.1/thumb/v7-m/nofp/crti.o
                0x08004614                _init
 .init          0x08004618        0x8 F:/STM/STM32CubeIDE_1.15.0/STM32CubeIDE/plugins/com.st.stm32cube.ide.mcu.externaltools.gnu-tools-for-stm32.12.3.rel1.win32_1.0.100.202403111256/tools/bin/../lib/gcc/arm-none-eabi/12.3.1/thumb/v7-m/nofp/crtn.o
 *(.fini)
 .fini          0x08004620        0x4 F:/STM/STM32CubeIDE_1.15.0/STM32CubeIDE/plugins/com.st.stm32cube.ide.mcu.externaltools.gnu-tools-for-stm32.12.3.rel1.win32_1.0.100.202403111256/tools/bin/../lib/gcc/arm-none-eabi/12.3.1/thumb/v7-m/nofp/crti.o
                0x08004620                _fini
 .fini          0x08004624        0x8 F:/STM/STM32CubeIDE_1.15.0/STM32CubeIDE/plugins/com.st.stm32cube.ide.mcu.externaltools.gnu-tools-for-stm32.12.3.rel1.win32_1.0.100.202403111256/tools/bin/../lib/gcc/arm-none-eabi/12.3.1/thumb/v7-m/nofp/crtn.o
                0x0800462c                        . = ALIGN (0x4)
                0x0800462c                        _etext = .

.vfp11_veneer   0x0800462c        0x0
 .vfp11_veneer  0x0800462c        0x0 linker stubs

.v4_bx          0x0800462c        0x0
 .v4_bx         0x0800462c        0x0 linker stubs

.iplt           0x0800462c        0x0
 .iplt          0x0800462c        0x0 F:/STM/STM32CubeIDE_1.15.0/STM32CubeIDE/plugins/com.st.stm32cube.ide.mcu.externaltools.gnu-tools-for-stm32.12.3.rel1.win32_1.0.100.202403111256/tools/bin/../lib/gcc/arm-none-eabi/12.3.1/thumb/v7-m/nofp/crtbegin.o

.rodata         0x0800462c       0xbc
                0x0800462c                        . = ALIGN (0x4)
 *(.rodata)
 *(.rodata*)
 .rodata.AHBPrescTable
                0x0800462c       0x10 ./Core/Src/system_stm32f1xx.o
                0x0800462c                AHBPrescTable
 .rodata.aPLLMULFactorTable.1
                0x0800463c       0x10 ./Drivers/STM32F1xx_HAL_Driver/Src/stm32f1xx_hal_rcc.o
 .rodata.aPredivFactorTable.0
                0x0800464c        0x2 ./Drivers/STM32F1xx_HAL_Driver/Src/stm32f1xx_hal_rcc.o
 *fill*         0x0800464e        0x2 
 .rodata._ZL5zcOff
                0x08004650       0x18 ./cpp/src/main.o
 .rodata._ZL5odLow
                0x08004668       0x18 ./cpp/src/main.o
 .rodata._ZL6odHigh
                0x08004680       0x18 ./cpp/src/main.o
 .rodata._ZL5odOff
                0x08004698       0x18 ./cpp/src/main.o
 .rodata._ZL5ccOff
                0x080046b0       0x18 ./cpp/src/main.o
 .rodata._ZL5diOff
                0x080046c8       0x18 ./cpp/src/main.o
 .rodata._ZL6rising
                0x080046e0        0x6 ./cpp/src/main.o
                0x080046e8                        . = ALIGN (0x4)
 *fill*         0x080046e6        0x2 

.ARM.extab      0x080046e8        0x0
                0x080046e8                        . = ALIGN (0x4)
 *(.ARM.extab* .gnu.linkonce.armextab.*)
                0x080046e8                        . = ALIGN (0x4)

.ARM            0x080046e8        0x0
                0x080046e8                        . = ALIGN (0x4)
                0x080046e8                        __exidx_start = .
 *(.ARM.exidx*)
                0x080046e8                        __exidx_end = .
                0x080046e8                        . = ALIGN (0x4)

.preinit_array  0x080046e8        0x0
                0x080046e8                        . = ALIGN (0x4)
                0x080046e8                        PROVIDE (__preinit_array_start = .)
 *(.preinit_array*)
                0x080046e8                        PROVIDE (__preinit_array_end = .)
                0x080046e8                        . = ALIGN (0x4)

.init_array     0x080046e8        0x4
                0x080046e8                        . = ALIGN (0x4)
                0x080046e8                        PROVIDE (__init_array_start = .)
 *(SORT_BY_NAME(.init_array.*))
 *(.init_array*)
 .init_array    0x080046e8        0x4 F:/STM/STM32CubeIDE_1.15.0/STM32CubeIDE/plugins/com.st.stm32cube.ide.mcu.externaltools.gnu-tools-for-stm32.12.3.rel1.win32_1.0.100.202403111256/tools/bin/../lib/gcc/arm-none-eabi/12.3.1/thumb/v7-m/nofp/crtbegin.o
                0x080046ec                        PROVIDE (__init_array_end = .)
                0x080046ec                        . = ALIGN (0x4)

.fini_array     0x080046ec        0x4
                0x080046ec                        . = ALIGN (0x4)
                [!provide]                        PROVIDE (__fini_array_start = .)
 *(SORT_BY_NAME(.fini_array.*))
 *(.fini_array*)
 .fini_array    0x080046ec        0x4 F:/STM/STM32CubeIDE_1.15.0/STM32CubeIDE/plugins/com.st.stm32cube.ide.mcu.externaltools.gnu-tools-for-stm32.12.3.rel1.win32_1.0.100.202403111256/tools/bin/../lib/gcc/arm-none-eabi/12.3.1/thumb/v7-m/nofp/crtbegin.o
                [!provide]                        PROVIDE (__fini_array_end = .)
                0x080046f0                        . = ALIGN (0x4)
                0x080046f0                        _sidata = LOADADDR (.data)

.rel.dyn        0x080046f0        0x0
 .rel.iplt      0x080046f0        0x0 F:/STM/STM32CubeIDE_1.15.0/STM32CubeIDE/plugins/com.st.stm32cube.ide.mcu.externaltools.gnu-tools-for-stm32.12.3.rel1.win32_1.0.100.202403111256/tools/bin/../lib/gcc/arm-none-eabi/12.3.1/thumb/v7-m/nofp/crtbegin.o

.data           0x20000000       0x24 load address 0x080046f0
                0x20000000                        . = ALIGN (0x4)
                0x20000000                        _sdata = .
 *(.data)
 *(.data*)
 .data.SystemCoreClock
                0x20000000        0x4 ./Core/Src/system_stm32f1xx.o
                0x20000000                SystemCoreClock
 .data.uwTickPrio
                0x20000004        0x4 ./Drivers/STM32F1xx_HAL_Driver/Src/stm32f1xx_hal.o
                0x20000004                uwTickPrio
 .data.uwTickFreq
                0x20000008        0x1 ./Drivers/STM32F1xx_HAL_Driver/Src/stm32f1xx_hal.o
                0x20000008                uwTickFreq
 *fill*         0x20000009        0x1 
 .data.resolution
                0x2000000a        0x2 ./cpp/src/main.o
                0x2000000a                resolution
 .data.zcPortOff
                0x2000000c       0x18 ./cpp/src/main.o
                0x2000000c                zcPortOff
 *(.RamFunc)
 *(.RamFunc*)
                0x20000024                        . = ALIGN (0x4)
                0x20000024                        _edata = .

.igot.plt       0x20000024        0x0 load address 0x08004714
 .igot.plt      0x20000024        0x0 F:/STM/STM32CubeIDE_1.15.0/STM32CubeIDE/plugins/com.st.stm32cube.ide.mcu.externaltools.gnu-tools-for-stm32.12.3.rel1.win32_1.0.100.202403111256/tools/bin/../lib/gcc/arm-none-eabi/12.3.1/thumb/v7-m/nofp/crtbegin.o
                0x20000024                        . = ALIGN (0x4)

.bss            0x20000024      0x298 load address 0x08004714
                0x20000024                        _sbss = .
                0x20000024                        __bss_start__ = _sbss
 *(.bss)
 .bss           0x20000024       0x1c F:/STM/STM32CubeIDE_1.15.0/STM32CubeIDE/plugins/com.st.stm32cube.ide.mcu.externaltools.gnu-tools-for-stm32.12.3.rel1.win32_1.0.100.202403111256/tools/bin/../lib/gcc/arm-none-eabi/12.3.1/thumb/v7-m/nofp/crtbegin.o
 *(.bss*)
 .bss.hadc1     0x20000040       0x30 ./Core/Src/main.o
                0x20000040                hadc1
 .bss.hdma_adc1
                0x20000070       0x44 ./Core/Src/main.o
                0x20000070                hdma_adc1
 .bss.htim1     0x200000b4       0x48 ./Core/Src/main.o
                0x200000b4                htim1
 .bss.htim2     0x200000fc       0x48 ./Core/Src/main.o
                0x200000fc                htim2
 .bss.htim3     0x20000144       0x48 ./Core/Src/main.o
                0x20000144                htim3
 .bss.htim4     0x2000018c       0x48 ./Core/Src/main.o
                0x2000018c                htim4
 .bss.hdma_tim2_ch1
                0x200001d4       0x44 ./Core/Src/main.o
                0x200001d4                hdma_tim2_ch1
 .bss.hdma_tim3_ch3
                0x20000218       0x44 ./Core/Src/main.o
                0x20000218                hdma_tim3_ch3
 .bss.hdma_tim3_ch4_up
                0x2000025c       0x44 ./Core/Src/main.o
                0x2000025c                hdma_tim3_ch4_up
 .bss.uwTick    0x200002a0        0x4 ./Drivers/STM32F1xx_HAL_Driver/Src/stm32f1xx_hal.o
                0x200002a0                uwTick
 .bss.newDmaSignal
                0x200002a4        0x1 ./cpp/src/main.o
                0x200002a4                newDmaSignal
 *fill*         0x200002a5        0x3 
 .bss.dmaSignal
                0x200002a8        0x4 ./cpp/src/main.o
                0x200002a8                dmaSignal
 .bss.motorspeed
                0x200002ac        0x2 ./cpp/src/main.o
                0x200002ac                motorspeed
 .bss.motorspeedCurrent
                0x200002ae        0x2 ./cpp/src/main.o
                0x200002ae                motorspeedCurrent
 .bss.dmaBuffer
                0x200002b0        0x2 ./cpp/src/main.o
                0x200002b0                dmaBuffer
 *fill*         0x200002b2        0x2 
 .bss.resetImrFlags
                0x200002b4        0x4 ./cpp/src/main.o
                0x200002b4                resetImrFlags
 .bss.powerStep
                0x200002b8        0x1 ./cpp/src/main.o
                0x200002b8                powerStep
 *(COMMON)
                0x200002bc                        . = ALIGN (0x4)
 *fill*         0x200002b9        0x3 
                0x200002bc                        _ebss = .
                0x200002bc                        __bss_end__ = _ebss

._user_heap_stack
                0x200002bc      0x604 load address 0x08004714
                0x200002c0                        . = ALIGN (0x8)
 *fill*         0x200002bc        0x4 
                [!provide]                        PROVIDE (end = .)
                0x200002c0                        PROVIDE (_end = .)
                0x200004c0                        . = (. + _Min_Heap_Size)
 *fill*         0x200002c0      0x200 
                0x200008c0                        . = (. + _Min_Stack_Size)
 *fill*         0x200004c0      0x400 
                0x200008c0                        . = ALIGN (0x8)

/DISCARD/
 libc.a(*)
 libm.a(*)
 libgcc.a(*)

.ARM.attributes
                0x00000000       0x29
 *(.ARM.attributes)
 .ARM.attributes
                0x00000000       0x1d F:/STM/STM32CubeIDE_1.15.0/STM32CubeIDE/plugins/com.st.stm32cube.ide.mcu.externaltools.gnu-tools-for-stm32.12.3.rel1.win32_1.0.100.202403111256/tools/bin/../lib/gcc/arm-none-eabi/12.3.1/thumb/v7-m/nofp/crti.o
 .ARM.attributes
                0x0000001d       0x2d F:/STM/STM32CubeIDE_1.15.0/STM32CubeIDE/plugins/com.st.stm32cube.ide.mcu.externaltools.gnu-tools-for-stm32.12.3.rel1.win32_1.0.100.202403111256/tools/bin/../lib/gcc/arm-none-eabi/12.3.1/thumb/v7-m/nofp/crtbegin.o
 .ARM.attributes
                0x0000004a       0x2d ./Core/Src/main.o
 .ARM.attributes
                0x00000077       0x2d ./Core/Src/stm32f1xx_hal_msp.o
 .ARM.attributes
                0x000000a4       0x2d ./Core/Src/stm32f1xx_it.o
 .ARM.attributes
                0x000000d1       0x2d ./Core/Src/system_stm32f1xx.o
 .ARM.attributes
                0x000000fe       0x21 ./Core/Startup/startup_stm32f103c8tx.o
 .ARM.attributes
                0x0000011f       0x2d ./Drivers/STM32F1xx_HAL_Driver/Src/stm32f1xx_hal.o
 .ARM.attributes
                0x0000014c       0x2d ./Drivers/STM32F1xx_HAL_Driver/Src/stm32f1xx_hal_adc.o
 .ARM.attributes
                0x00000179       0x2d ./Drivers/STM32F1xx_HAL_Driver/Src/stm32f1xx_hal_cortex.o
 .ARM.attributes
                0x000001a6       0x2d ./Drivers/STM32F1xx_HAL_Driver/Src/stm32f1xx_hal_dma.o
 .ARM.attributes
                0x000001d3       0x2d ./Drivers/STM32F1xx_HAL_Driver/Src/stm32f1xx_hal_gpio.o
 .ARM.attributes
                0x00000200       0x2d ./Drivers/STM32F1xx_HAL_Driver/Src/stm32f1xx_hal_rcc.o
 .ARM.attributes
                0x0000022d       0x2d ./Drivers/STM32F1xx_HAL_Driver/Src/stm32f1xx_hal_rcc_ex.o
 .ARM.attributes
                0x0000025a       0x2d ./Drivers/STM32F1xx_HAL_Driver/Src/stm32f1xx_hal_tim.o
 .ARM.attributes
                0x00000287       0x2d ./Drivers/STM32F1xx_HAL_Driver/Src/stm32f1xx_hal_tim_ex.o
 .ARM.attributes
                0x000002b4       0x2d ./cpp/src/main.o
 .ARM.attributes
                0x000002e1       0x2d F:/STM/STM32CubeIDE_1.15.0/STM32CubeIDE/plugins/com.st.stm32cube.ide.mcu.externaltools.gnu-tools-for-stm32.12.3.rel1.win32_1.0.100.202403111256/tools/bin/../lib/gcc/arm-none-eabi/12.3.1/../../../../arm-none-eabi/lib/thumb/v7-m/nofp\libc_nano.a(libc_a-memset.o)
 .ARM.attributes
                0x0000030e       0x2d F:/STM/STM32CubeIDE_1.15.0/STM32CubeIDE/plugins/com.st.stm32cube.ide.mcu.externaltools.gnu-tools-for-stm32.12.3.rel1.win32_1.0.100.202403111256/tools/bin/../lib/gcc/arm-none-eabi/12.3.1/../../../../arm-none-eabi/lib/thumb/v7-m/nofp\libc_nano.a(libc_a-init.o)
 .ARM.attributes
                0x0000033b       0x1d F:/STM/STM32CubeIDE_1.15.0/STM32CubeIDE/plugins/com.st.stm32cube.ide.mcu.externaltools.gnu-tools-for-stm32.12.3.rel1.win32_1.0.100.202403111256/tools/bin/../lib/gcc/arm-none-eabi/12.3.1/thumb/v7-m/nofp/crtn.o
OUTPUT(ESC.elf elf32-littlearm)
LOAD linker stubs
LOAD F:/STM/STM32CubeIDE_1.15.0/STM32CubeIDE/plugins/com.st.stm32cube.ide.mcu.externaltools.gnu-tools-for-stm32.12.3.rel1.win32_1.0.100.202403111256/tools/bin/../lib/gcc/arm-none-eabi/12.3.1/../../../../arm-none-eabi/lib/thumb/v7-m/nofp\libc.a
LOAD F:/STM/STM32CubeIDE_1.15.0/STM32CubeIDE/plugins/com.st.stm32cube.ide.mcu.externaltools.gnu-tools-for-stm32.12.3.rel1.win32_1.0.100.202403111256/tools/bin/../lib/gcc/arm-none-eabi/12.3.1/../../../../arm-none-eabi/lib/thumb/v7-m/nofp\libm.a
LOAD F:/STM/STM32CubeIDE_1.15.0/STM32CubeIDE/plugins/com.st.stm32cube.ide.mcu.externaltools.gnu-tools-for-stm32.12.3.rel1.win32_1.0.100.202403111256/tools/bin/../lib/gcc/arm-none-eabi/12.3.1/thumb/v7-m/nofp\libgcc.a

.debug_info     0x00000000     0xabbb
 .debug_info    0x00000000     0x125f ./Core/Src/main.o
 .debug_info    0x0000125f      0xeba ./Core/Src/stm32f1xx_hal_msp.o
 .debug_info    0x00002119      0x714 ./Core/Src/stm32f1xx_it.o
 .debug_info    0x0000282d      0x222 ./Core/Src/system_stm32f1xx.o
 .debug_info    0x00002a4f       0x30 ./Core/Startup/startup_stm32f103c8tx.o
 .debug_info    0x00002a7f      0x704 ./Drivers/STM32F1xx_HAL_Driver/Src/stm32f1xx_hal.o
 .debug_info    0x00003183      0xc50 ./Drivers/STM32F1xx_HAL_Driver/Src/stm32f1xx_hal_adc.o
 .debug_info    0x00003dd3      0xa87 ./Drivers/STM32F1xx_HAL_Driver/Src/stm32f1xx_hal_cortex.o
 .debug_info    0x0000485a      0x6d2 ./Drivers/STM32F1xx_HAL_Driver/Src/stm32f1xx_hal_dma.o
 .debug_info    0x00004f2c      0x5ab ./Drivers/STM32F1xx_HAL_Driver/Src/stm32f1xx_hal_gpio.o
 .debug_info    0x000054d7      0x7d5 ./Drivers/STM32F1xx_HAL_Driver/Src/stm32f1xx_hal_rcc.o
 .debug_info    0x00005cac      0x3c0 ./Drivers/STM32F1xx_HAL_Driver/Src/stm32f1xx_hal_rcc_ex.o
 .debug_info    0x0000606c     0x293b ./Drivers/STM32F1xx_HAL_Driver/Src/stm32f1xx_hal_tim.o
 .debug_info    0x000089a7     0x149b ./Drivers/STM32F1xx_HAL_Driver/Src/stm32f1xx_hal_tim_ex.o
 .debug_info    0x00009e42      0xd79 ./cpp/src/main.o

.debug_abbrev   0x00000000     0x1eff
 .debug_abbrev  0x00000000      0x2be ./Core/Src/main.o
 .debug_abbrev  0x000002be      0x28e ./Core/Src/stm32f1xx_hal_msp.o
 .debug_abbrev  0x0000054c      0x1a9 ./Core/Src/stm32f1xx_it.o
 .debug_abbrev  0x000006f5      0x13f ./Core/Src/system_stm32f1xx.o
 .debug_abbrev  0x00000834       0x24 ./Core/Startup/startup_stm32f103c8tx.o
 .debug_abbrev  0x00000858      0x201 ./Drivers/STM32F1xx_HAL_Driver/Src/stm32f1xx_hal.o
 .debug_abbrev  0x00000a59      0x225 ./Drivers/STM32F1xx_HAL_Driver/Src/stm32f1xx_hal_adc.o
 .debug_abbrev  0x00000c7e      0x2f8 ./Drivers/STM32F1xx_HAL_Driver/Src/stm32f1xx_hal_cortex.o
 .debug_abbrev  0x00000f76      0x20b ./Drivers/STM32F1xx_HAL_Driver/Src/stm32f1xx_hal_dma.o
 .debug_abbrev  0x00001181      0x1ca ./Drivers/STM32F1xx_HAL_Driver/Src/stm32f1xx_hal_gpio.o
 .debug_abbrev  0x0000134b      0x2b3 ./Drivers/STM32F1xx_HAL_Driver/Src/stm32f1xx_hal_rcc.o
 .debug_abbrev  0x000015fe      0x188 ./Drivers/STM32F1xx_HAL_Driver/Src/stm32f1xx_hal_rcc_ex.o
 .debug_abbrev  0x00001786      0x277 ./Drivers/STM32F1xx_HAL_Driver/Src/stm32f1xx_hal_tim.o
 .debug_abbrev  0x000019fd      0x282 ./Drivers/STM32F1xx_HAL_Driver/Src/stm32f1xx_hal_tim_ex.o
 .debug_abbrev  0x00001c7f      0x280 ./cpp/src/main.o

.debug_aranges  0x00000000      0xb98
 .debug_aranges
                0x00000000       0x68 ./Core/Src/main.o
 .debug_aranges
                0x00000068       0x68 ./Core/Src/stm32f1xx_hal_msp.o
 .debug_aranges
                0x000000d0       0x80 ./Core/Src/stm32f1xx_it.o
 .debug_aranges
                0x00000150       0x28 ./Core/Src/system_stm32f1xx.o
 .debug_aranges
                0x00000178       0x28 ./Core/Startup/startup_stm32f103c8tx.o
 .debug_aranges
                0x000001a0       0xe0 ./Drivers/STM32F1xx_HAL_Driver/Src/stm32f1xx_hal.o
 .debug_aranges
                0x00000280       0xf0 ./Drivers/STM32F1xx_HAL_Driver/Src/stm32f1xx_hal_adc.o
 .debug_aranges
                0x00000370      0x100 ./Drivers/STM32F1xx_HAL_Driver/Src/stm32f1xx_hal_cortex.o
 .debug_aranges
                0x00000470       0x80 ./Drivers/STM32F1xx_HAL_Driver/Src/stm32f1xx_hal_dma.o
 .debug_aranges
                0x000004f0       0x58 ./Drivers/STM32F1xx_HAL_Driver/Src/stm32f1xx_hal_gpio.o
 .debug_aranges
                0x00000548       0x90 ./Drivers/STM32F1xx_HAL_Driver/Src/stm32f1xx_hal_rcc.o
 .debug_aranges
                0x000005d8       0x30 ./Drivers/STM32F1xx_HAL_Driver/Src/stm32f1xx_hal_rcc_ex.o
 .debug_aranges
                0x00000608      0x3d0 ./Drivers/STM32F1xx_HAL_Driver/Src/stm32f1xx_hal_tim.o
 .debug_aranges
                0x000009d8      0x168 ./Drivers/STM32F1xx_HAL_Driver/Src/stm32f1xx_hal_tim_ex.o
 .debug_aranges
                0x00000b40       0x58 ./cpp/src/main.o

.debug_rnglists
                0x00000000      0x8f2
 .debug_rnglists
                0x00000000       0x4f ./Core/Src/main.o
 .debug_rnglists
                0x0000004f       0x4c ./Core/Src/stm32f1xx_hal_msp.o
 .debug_rnglists
                0x0000009b       0x5b ./Core/Src/stm32f1xx_it.o
 .debug_rnglists
                0x000000f6       0x1a ./Core/Src/system_stm32f1xx.o
 .debug_rnglists
                0x00000110       0x19 ./Core/Startup/startup_stm32f103c8tx.o
 .debug_rnglists
                0x00000129       0xa3 ./Drivers/STM32F1xx_HAL_Driver/Src/stm32f1xx_hal.o
 .debug_rnglists
                0x000001cc       0xbc ./Drivers/STM32F1xx_HAL_Driver/Src/stm32f1xx_hal_adc.o
 .debug_rnglists
                0x00000288       0xbb ./Drivers/STM32F1xx_HAL_Driver/Src/stm32f1xx_hal_cortex.o
 .debug_rnglists
                0x00000343       0x64 ./Drivers/STM32F1xx_HAL_Driver/Src/stm32f1xx_hal_dma.o
 .debug_rnglists
                0x000003a7       0x3f ./Drivers/STM32F1xx_HAL_Driver/Src/stm32f1xx_hal_gpio.o
 .debug_rnglists
                0x000003e6       0x6c ./Drivers/STM32F1xx_HAL_Driver/Src/stm32f1xx_hal_rcc.o
 .debug_rnglists
                0x00000452       0x21 ./Drivers/STM32F1xx_HAL_Driver/Src/stm32f1xx_hal_rcc_ex.o
 .debug_rnglists
                0x00000473      0x31a ./Drivers/STM32F1xx_HAL_Driver/Src/stm32f1xx_hal_tim.o
 .debug_rnglists
                0x0000078d      0x125 ./Drivers/STM32F1xx_HAL_Driver/Src/stm32f1xx_hal_tim_ex.o
 .debug_rnglists
                0x000008b2       0x40 ./cpp/src/main.o

.debug_macro    0x00000000    0x18eb6
 .debug_macro   0x00000000      0x1bc ./Core/Src/main.o
 .debug_macro   0x000001bc      0xaa8 ./Core/Src/main.o
 .debug_macro   0x00000c64      0x221 ./Core/Src/main.o
 .debug_macro   0x00000e85       0x2e ./Core/Src/main.o
 .debug_macro   0x00000eb3       0x22 ./Core/Src/main.o
 .debug_macro   0x00000ed5       0x22 ./Core/Src/main.o
 .debug_macro   0x00000ef7       0x8e ./Core/Src/main.o
 .debug_macro   0x00000f85       0x51 ./Core/Src/main.o
 .debug_macro   0x00000fd6      0x103 ./Core/Src/main.o
 .debug_macro   0x000010d9       0x6a ./Core/Src/main.o
 .debug_macro   0x00001143      0x1df ./Core/Src/main.o
 .debug_macro   0x00001322       0x1c ./Core/Src/main.o
 .debug_macro   0x0000133e       0x22 ./Core/Src/main.o
 .debug_macro   0x00001360       0xbd ./Core/Src/main.o
 .debug_macro   0x0000141d      0xd23 ./Core/Src/main.o
 .debug_macro   0x00002140     0xe09e ./Core/Src/main.o
 .debug_macro   0x000101de       0x6d ./Core/Src/main.o
 .debug_macro   0x0001024b     0x348d ./Core/Src/main.o
 .debug_macro   0x000136d8      0x189 ./Core/Src/main.o
 .debug_macro   0x00013861       0x5c ./Core/Src/main.o
 .debug_macro   0x000138bd      0x5bc ./Core/Src/main.o
 .debug_macro   0x00013e79      0x289 ./Core/Src/main.o
 .debug_macro   0x00014102      0x1cb ./Core/Src/main.o
 .debug_macro   0x000142cd      0x114 ./Core/Src/main.o
 .debug_macro   0x000143e1      0x1b2 ./Core/Src/main.o
 .debug_macro   0x00014593       0x27 ./Core/Src/main.o
 .debug_macro   0x000145ba      0x136 ./Core/Src/main.o
 .debug_macro   0x000146f0      0x1bc ./Core/Src/main.o
 .debug_macro   0x000148ac       0x34 ./Core/Src/main.o
 .debug_macro   0x000148e0       0x3c ./Core/Src/main.o
 .debug_macro   0x0001491c       0x57 ./Core/Src/main.o
 .debug_macro   0x00014973      0x46a ./Core/Src/main.o
 .debug_macro   0x00014ddd      0x1b5 ./Core/Src/main.o
 .debug_macro   0x00014f92       0x87 ./Core/Src/main.o
 .debug_macro   0x00015019      0x240 ./Core/Src/main.o
 .debug_macro   0x00015259      0x140 ./Core/Src/main.o
 .debug_macro   0x00015399      0x8ed ./Core/Src/main.o
 .debug_macro   0x00015c86       0x83 ./Core/Src/main.o
 .debug_macro   0x00015d09       0x9a ./Core/Src/main.o
 .debug_macro   0x00015da3      0x1bc ./Core/Src/stm32f1xx_hal_msp.o
 .debug_macro   0x00015f5f      0x1c6 ./Core/Src/stm32f1xx_it.o
 .debug_macro   0x00016125      0x1ad ./Core/Src/system_stm32f1xx.o
 .debug_macro   0x000162d2      0x1d1 ./Drivers/STM32F1xx_HAL_Driver/Src/stm32f1xx_hal.o
 .debug_macro   0x000164a3      0x1ca ./Drivers/STM32F1xx_HAL_Driver/Src/stm32f1xx_hal_adc.o
 .debug_macro   0x0001666d      0x1ad ./Drivers/STM32F1xx_HAL_Driver/Src/stm32f1xx_hal_cortex.o
 .debug_macro   0x0001681a      0x1ad ./Drivers/STM32F1xx_HAL_Driver/Src/stm32f1xx_hal_dma.o
 .debug_macro   0x000169c7      0x218 ./Drivers/STM32F1xx_HAL_Driver/Src/stm32f1xx_hal_gpio.o
 .debug_macro   0x00016bdf      0x1bf ./Drivers/STM32F1xx_HAL_Driver/Src/stm32f1xx_hal_rcc.o
 .debug_macro   0x00016d9e      0x1ad ./Drivers/STM32F1xx_HAL_Driver/Src/stm32f1xx_hal_rcc_ex.o
 .debug_macro   0x00016f4b      0x1ae ./Drivers/STM32F1xx_HAL_Driver/Src/stm32f1xx_hal_tim.o
 .debug_macro   0x000170f9      0x1ad ./Drivers/STM32F1xx_HAL_Driver/Src/stm32f1xx_hal_tim_ex.o
 .debug_macro   0x000172a6      0x1c1 ./cpp/src/main.o
 .debug_macro   0x00017467      0xb80 ./cpp/src/main.o
 .debug_macro   0x00017fe7       0x1c ./cpp/src/main.o
 .debug_macro   0x00018003      0xd23 ./cpp/src/main.o
 .debug_macro   0x00018d26      0x190 ./cpp/src/main.o

.debug_line     0x00000000     0xd06e
 .debug_line    0x00000000      0x9d2 ./Core/Src/main.o
 .debug_line    0x000009d2      0x909 ./Core/Src/stm32f1xx_hal_msp.o
 .debug_line    0x000012db      0x845 ./Core/Src/stm32f1xx_it.o
 .debug_line    0x00001b20      0x7a0 ./Core/Src/system_stm32f1xx.o
 .debug_line    0x000022c0       0x78 ./Core/Startup/startup_stm32f103c8tx.o
 .debug_line    0x00002338      0x9cd ./Drivers/STM32F1xx_HAL_Driver/Src/stm32f1xx_hal.o
 .debug_line    0x00002d05     0x104a ./Drivers/STM32F1xx_HAL_Driver/Src/stm32f1xx_hal_adc.o
 .debug_line    0x00003d4f      0xbb9 ./Drivers/STM32F1xx_HAL_Driver/Src/stm32f1xx_hal_cortex.o
 .debug_line    0x00004908      0xe26 ./Drivers/STM32F1xx_HAL_Driver/Src/stm32f1xx_hal_dma.o
 .debug_line    0x0000572e      0xa66 ./Drivers/STM32F1xx_HAL_Driver/Src/stm32f1xx_hal_gpio.o
 .debug_line    0x00006194      0xdd6 ./Drivers/STM32F1xx_HAL_Driver/Src/stm32f1xx_hal_rcc.o
 .debug_line    0x00006f6a      0x917 ./Drivers/STM32F1xx_HAL_Driver/Src/stm32f1xx_hal_rcc_ex.o
 .debug_line    0x00007881     0x34d7 ./Drivers/STM32F1xx_HAL_Driver/Src/stm32f1xx_hal_tim.o
 .debug_line    0x0000ad58     0x192c ./Drivers/STM32F1xx_HAL_Driver/Src/stm32f1xx_hal_tim_ex.o
 .debug_line    0x0000c684      0x9ea ./cpp/src/main.o

.debug_str      0x00000000    0x89d85
 .debug_str     0x00000000    0x86e76 ./Core/Src/main.o
                              0x8744e (size before relaxing)
 .debug_str     0x00086e76      0x15f ./Core/Src/stm32f1xx_hal_msp.o
                              0x870e5 (size before relaxing)
 .debug_str     0x00086fd5      0x159 ./Core/Src/stm32f1xx_it.o
                              0x86b93 (size before relaxing)
 .debug_str     0x0008712e       0x88 ./Core/Src/system_stm32f1xx.o
                              0x8640d (size before relaxing)
 .debug_str     0x000871b6       0x44 ./Core/Startup/startup_stm32f103c8tx.o
                                 0x5a (size before relaxing)
 .debug_str     0x000871fa      0x37a ./Drivers/STM32F1xx_HAL_Driver/Src/stm32f1xx_hal.o
                              0x86b40 (size before relaxing)
 .debug_str     0x00087574      0x3a0 ./Drivers/STM32F1xx_HAL_Driver/Src/stm32f1xx_hal_adc.o
                              0x86af1 (size before relaxing)
 .debug_str     0x00087914      0x294 ./Drivers/STM32F1xx_HAL_Driver/Src/stm32f1xx_hal_cortex.o
                              0x86a8c (size before relaxing)
 .debug_str     0x00087ba8      0x1e7 ./Drivers/STM32F1xx_HAL_Driver/Src/stm32f1xx_hal_dma.o
                              0x867b6 (size before relaxing)
 .debug_str     0x00087d8f      0x2bb ./Drivers/STM32F1xx_HAL_Driver/Src/stm32f1xx_hal_gpio.o
                              0x86793 (size before relaxing)
 .debug_str     0x0008804a      0x21e ./Drivers/STM32F1xx_HAL_Driver/Src/stm32f1xx_hal_rcc.o
                              0x8683c (size before relaxing)
 .debug_str     0x00088268       0x84 ./Drivers/STM32F1xx_HAL_Driver/Src/stm32f1xx_hal_rcc_ex.o
                              0x8658c (size before relaxing)
 .debug_str     0x000882ec      0xcc8 ./Drivers/STM32F1xx_HAL_Driver/Src/stm32f1xx_hal_tim.o
                              0x8782e (size before relaxing)
 .debug_str     0x00088fb4      0x493 ./Drivers/STM32F1xx_HAL_Driver/Src/stm32f1xx_hal_tim_ex.o
                              0x8704a (size before relaxing)
 .debug_str     0x00089447      0x93e ./cpp/src/main.o
                              0x874d5 (size before relaxing)

.comment        0x00000000       0x43
 .comment       0x00000000       0x43 ./Core/Src/main.o
                                 0x44 (size before relaxing)
 .comment       0x00000043       0x44 ./Core/Src/stm32f1xx_hal_msp.o
 .comment       0x00000043       0x44 ./Core/Src/stm32f1xx_it.o
 .comment       0x00000043       0x44 ./Core/Src/system_stm32f1xx.o
 .comment       0x00000043       0x44 ./Drivers/STM32F1xx_HAL_Driver/Src/stm32f1xx_hal.o
 .comment       0x00000043       0x44 ./Drivers/STM32F1xx_HAL_Driver/Src/stm32f1xx_hal_adc.o
 .comment       0x00000043       0x44 ./Drivers/STM32F1xx_HAL_Driver/Src/stm32f1xx_hal_cortex.o
 .comment       0x00000043       0x44 ./Drivers/STM32F1xx_HAL_Driver/Src/stm32f1xx_hal_dma.o
 .comment       0x00000043       0x44 ./Drivers/STM32F1xx_HAL_Driver/Src/stm32f1xx_hal_gpio.o
 .comment       0x00000043       0x44 ./Drivers/STM32F1xx_HAL_Driver/Src/stm32f1xx_hal_rcc.o
 .comment       0x00000043       0x44 ./Drivers/STM32F1xx_HAL_Driver/Src/stm32f1xx_hal_rcc_ex.o
 .comment       0x00000043       0x44 ./Drivers/STM32F1xx_HAL_Driver/Src/stm32f1xx_hal_tim.o
 .comment       0x00000043       0x44 ./Drivers/STM32F1xx_HAL_Driver/Src/stm32f1xx_hal_tim_ex.o
 .comment       0x00000043       0x44 ./cpp/src/main.o

.debug_frame    0x00000000     0x2f6c
 .debug_frame   0x00000000      0x164 ./Core/Src/main.o
 .debug_frame   0x00000164      0x184 ./Core/Src/stm32f1xx_hal_msp.o
 .debug_frame   0x000002e8      0x174 ./Core/Src/stm32f1xx_it.o
 .debug_frame   0x0000045c       0x58 ./Core/Src/system_stm32f1xx.o
 .debug_frame   0x000004b4      0x334 ./Drivers/STM32F1xx_HAL_Driver/Src/stm32f1xx_hal.o
 .debug_frame   0x000007e8      0x40c ./Drivers/STM32F1xx_HAL_Driver/Src/stm32f1xx_hal_adc.o
 .debug_frame   0x00000bf4      0x428 ./Drivers/STM32F1xx_HAL_Driver/Src/stm32f1xx_hal_cortex.o
 .debug_frame   0x0000101c      0x208 ./Drivers/STM32F1xx_HAL_Driver/Src/stm32f1xx_hal_dma.o
 .debug_frame   0x00001224      0x14c ./Drivers/STM32F1xx_HAL_Driver/Src/stm32f1xx_hal_gpio.o
 .debug_frame   0x00001370      0x218 ./Drivers/STM32F1xx_HAL_Driver/Src/stm32f1xx_hal_rcc.o
 .debug_frame   0x00001588       0x80 ./Drivers/STM32F1xx_HAL_Driver/Src/stm32f1xx_hal_rcc_ex.o
 .debug_frame   0x00001608     0x11bc ./Drivers/STM32F1xx_HAL_Driver/Src/stm32f1xx_hal_tim.o
 .debug_frame   0x000027c4      0x638 ./Drivers/STM32F1xx_HAL_Driver/Src/stm32f1xx_hal_tim_ex.o
 .debug_frame   0x00002dfc      0x124 ./cpp/src/main.o
 .debug_frame   0x00002f20       0x20 F:/STM/STM32CubeIDE_1.15.0/STM32CubeIDE/plugins/com.st.stm32cube.ide.mcu.externaltools.gnu-tools-for-stm32.12.3.rel1.win32_1.0.100.202403111256/tools/bin/../lib/gcc/arm-none-eabi/12.3.1/../../../../arm-none-eabi/lib/thumb/v7-m/nofp\libc_nano.a(libc_a-memset.o)
 .debug_frame   0x00002f40       0x2c F:/STM/STM32CubeIDE_1.15.0/STM32CubeIDE/plugins/com.st.stm32cube.ide.mcu.externaltools.gnu-tools-for-stm32.12.3.rel1.win32_1.0.100.202403111256/tools/bin/../lib/gcc/arm-none-eabi/12.3.1/../../../../arm-none-eabi/lib/thumb/v7-m/nofp\libc_nano.a(libc_a-init.o)

.debug_line_str
                0x00000000       0x3e
 .debug_line_str
                0x00000000       0x3e ./Core/Startup/startup_stm32f103c8tx.o
