../cpp/src/main.cpp:22:6:void setDutyCycle(uint16_t)	16	static
../cpp/src/main.cpp:96:6:void commucate()	4	static
../cpp/src/main.cpp:157:6:void HAL_GPIO_EXTI_Callback(uint16_t)	16	static
../cpp/src/main.cpp:166:6:void HAL_TIM_OC_DelayElapsedCallback(TIM_HandleTypeDef*)	16	static
../cpp/src/main.cpp:175:6:void processDmaSignal()	4	static
../cpp/src/main.cpp:181:6:void HAL_ADC_ConvCpltCallback(ADC_HandleTypeDef*)	16	static
../cpp/src/main.cpp:186:6:void setup()	8	static
../cpp/src/main.cpp:223:6:void maincpp()	8	static
